<span font="Cantarell 11" fallback="false">a bâ€¨c</span>

Items:  a b            |[0x2028]       |c              
Font:   Cantarell 11   |Cantarell 11   |Cantarell 11   
Script: latin          |latin          |latin          
Lang:   en-us          |en-us          |en-us          
Bidi:   0              |0              |0              
Attrs:  [0,7]fallback=0|[0,7]fallback=0|[0,7]fallback=0
